---
source: src/parse.rs
expression: result
---
{
  "dialect": "mybatis",
  "mapper": {
    "namespace": {
      "value": "com.example.WidgetMapper",
      "span": {
        "start": 19,
        "end": 43
      }
    },
    "statements": [
      {
        "kind": "select",
        "span": {
          "start": 104,
          "end": 521
        },
        "id": {
          "value": "selectWidget",
          "span": {
            "start": 116,
            "end": 128
          }
        },
        "database_id": null,
        "sql": {
          "variants": [
            {
              "text": {
                "text": "\n                SELECT /* batis:include(baseCols) */ FROM widget\n                WHERE active = 1\n                \n            ",
                "span_map": [
                  [
                    0,
                    130
                  ],
                  [
                    24,
                    154
                  ],
                  [
                    53,
                    181
                  ],
                  [
                    82,
                    210
                  ],
                  [
                    88,
                    364
                  ],
                  [
                    98,
                    474
                  ],
                  [
                    115,
                    499
                  ]
                ]
              },
              "conditions": [
                "active"
              ]
            },
            {
              "text": {
                "text": "\n                SELECT /* batis:include(baseCols) */ FROM widget\n                WHERE active = 0\n                \n            ",
                "span_map": [
                  [
                    0,
                    130
                  ],
                  [
                    24,
                    154
                  ],
                  [
                    53,
                    181
                  ],
                  [
                    82,
                    210
                  ],
                  [
                    88,
                    422
                  ],
                  [
                    98,
                    474
                  ],
                  [
                    115,
                    499
                  ]
                ]
              },
              "conditions": []
            },
            {
              "text": {
                "text": "\n                SELECT /* batis:include(baseCols) */ FROM widget\n                WHERE name = ?\n                     AND active = 1\n                \n            ",
                "span_map": [
                  [
                    0,
                    130
                  ],
                  [
                    24,
                    154
                  ],
                  [
                    53,
                    181
                  ],
                  [
                    82,
                    210
                  ],
                  [
                    88,
                    266
                  ],
                  [
                    96,
                    285
                  ],
                  [
                    117,
                    359
                  ],
                  [
                    132,
                    474
                  ],
                  [
                    149,
                    499
                  ]
                ]
              },
              "conditions": [
                "name != null",
                "active"
              ]
            },
            {
              "text": {
                "text": "\n                SELECT /* batis:include(baseCols) */ FROM widget\n                WHERE name = ?\n                     AND active = 0\n                \n            ",
                "span_map": [
                  [
                    0,
                    130
                  ],
                  [
                    24,
                    154
                  ],
                  [
                    53,
                    181
                  ],
                  [
                    82,
                    210
                  ],
                  [
                    88,
                    266
                  ],
                  [
                    96,
                    285
                  ],
                  [
                    117,
                    417
                  ],
                  [
                    132,
                    474
                  ],
                  [
                    149,
                    499
                  ]
                ]
              },
              "conditions": [
                "name != null"
              ]
            }
          ]
        },
        "includes": [
          {
            "value": {
              "raw": "baseCols",
              "target": {
                "local": "baseCols"
              }
            },
            "span": {
              "start": 154,
              "end": 181
            }
          }
        ],
        "param_class": null,
        "result_class": null,
        "result_map_ref": null,
        "property_paths": [
          {
            "value": "name",
            "span": {
              "start": 275,
              "end": 279
            }
          }
        ]
      }
    ],
    "fragments": [
      {
        "span": {
          "start": 58,
          "end": 91
        },
        "id": {
          "value": "baseCols",
          "span": {
            "start": 67,
            "end": 75
          }
        },
        "sql": {
          "variants": [
            {
              "text": {
                "text": "id, name",
                "span_map": [
                  [
                    0,
                    77
                  ]
                ]
              },
              "conditions": []
            }
          ]
        },
        "includes": []
      }
    ],
    "result_maps": []
  },
  "diagnostics": []
}
