---
source: src/parse.rs
assertion_line: 1992
expression: result
---
{
  "dialect": "mybatis",
  "mapper": {
    "namespace": {
      "value": "com.example.WidgetMapper",
      "span": {
        "start": 19,
        "end": 43
      }
    },
    "statements": [
      {
        "kind": "select",
        "span": {
          "start": 58,
          "end": 131
        },
        "id": {
          "value": "selectWidget",
          "span": {
            "start": 70,
            "end": 82
          }
        },
        "database_id": {
          "value": "oracle",
          "span": {
            "start": 96,
            "end": 102
          }
        },
        "sql": {
          "variants": [
            {
              "text": {
                "text": "SELECT 1 FROM dual",
                "span_map": [
                  [
                    0,
                    104
                  ]
                ]
              },
              "conditions": []
            }
          ]
        },
        "includes": [],
        "param_class": null,
        "result_class": null,
        "result_map_ref": null,
        "property_paths": []
      },
      {
        "kind": "select",
        "span": {
          "start": 144,
          "end": 206
        },
        "id": {
          "value": "selectWidget",
          "span": {
            "start": 156,
            "end": 168
          }
        },
        "database_id": {
          "value": "mysql",
          "span": {
            "start": 182,
            "end": 187
          }
        },
        "sql": {
          "variants": [
            {
              "text": {
                "text": "SELECT 1",
                "span_map": [
                  [
                    0,
                    189
                  ]
                ]
              },
              "conditions": []
            }
          ]
        },
        "includes": [],
        "param_class": null,
        "result_class": null,
        "result_map_ref": null,
        "property_paths": []
      },
      {
        "kind": "insert",
        "span": {
          "start": 219,
          "end": 287
        },
        "id": {
          "value": "insertWidget",
          "span": {
            "start": 231,
            "end": 243
          }
        },
        "database_id": null,
        "sql": {
          "variants": [
            {
              "text": {
                "text": "INSERT INTO widget VALUES (?)",
                "span_map": [
                  [
                    0,
                    245
                  ],
                  [
                    28,
                    277
                  ]
                ]
              },
              "conditions": []
            }
          ]
        },
        "includes": [],
        "param_class": null,
        "result_class": null,
        "result_map_ref": null,
        "property_paths": [
          {
            "value": "id",
            "span": {
              "start": 274,
              "end": 276
            }
          }
        ]
      },
      {
        "kind": "select",
        "span": {
          "start": 300,
          "end": 371
        },
        "id": {
          "value": "selectWidget",
          "span": {
            "start": 312,
            "end": 324
          }
        },
        "database_id": {
          "value": "oracle",
          "span": {
            "start": 338,
            "end": 344
          }
        },
        "sql": {
          "variants": [
            {
              "text": {
                "text": "DUPLICATE BRANCH",
                "span_map": [
                  [
                    0,
                    346
                  ]
                ]
              },
              "conditions": []
            }
          ]
        },
        "includes": [],
        "param_class": null,
        "result_class": null,
        "result_map_ref": null,
        "property_paths": []
      }
    ],
    "fragments": [],
    "result_maps": []
  },
  "encoding": "UTF-8",
  "diagnostics": [
    {
      "code": "duplicate_statement_id",
      "span": {
        "start": 312,
        "end": 324
      },
      "message": "duplicate statement id 'selectWidget'"
    }
  ]
}
